分类: 中国内地, 名称: CCTV-2, 有效: 1, IPv4: 1, IPv6: 0, 最小延迟: 394 ms, 最高速率: 4.42 M/s, 平均速率: 4.42 M/s, 最高分辨率: 1280x720, 平均帧率: 未知, 视频编解码器: 未知, 音频编解码器: 未知
分类: 中国内地, 名称: CCTV-3, 有效: 1, IPv4: 1, IPv6: 0, 最小延迟: 381 ms, 最高速率: 3.62 M/s, 平均速率: 3.62 M/s, 最高分辨率: 1280x720, 平均帧率: 未知, 视频编解码器: 未知, 音频编解码器: 未知
分类: 中国内地, 名称: CCTV-4, 有效: 1, IPv4: 1, IPv6: 0, 最小延迟: 379 ms, 最高速率: 2.95 M/s, 平均速率: 2.95 M/s, 最高分辨率: 1280x720, 平均帧率: 未知, 视频编解码器: 未知, 音频编解码器: 未知
分类: 中国内地, 名称: CCTV-8, 有效: 1, IPv4: 1, IPv6: 0, 最小延迟: 418 ms, 最高速率: 2.94 M/s, 平均速率: 2.94 M/s, 最高分辨率: 1280x720, 平均帧率: 未知, 视频编解码器: 未知, 音频编解码器: 未知
分类: 中国内地, 名称: CCTV-7, 有效: 1, IPv4: 1, IPv6: 0, 最小延迟: 517 ms, 最高速率: 5.46 M/s, 平均速率: 5.46 M/s, 最高分辨率: 1280x720, 平均帧率: 未知, 视频编解码器: 未知, 音频编解码器: 未知
分类: 中国内地, 名称: CCTV-6, 有效: 2, IPv4: 2, IPv6: 0, 最小延迟: 468 ms, 最高速率: 9.18 M/s, 平均速率: 8.49 M/s, 最高分辨率: 1920x1080, 平均帧率: 25.00, 视频编解码器: h264, 音频编解码器: aac
分类: 中国内地, 名称: CCTV-10, 有效: 1, IPv4: 1, IPv6: 0, 最小延迟: 1553 ms, 最高速率: 2.05 M/s, 平均速率: 2.05 M/s, 最高分辨率: 1280x720, 平均帧率: 未知, 视频编解码器: 未知, 音频编解码器: 未知
分类: 中国内地, 名称: CCTV-12, 有效: 1, IPv4: 1, IPv6: 0, 最小延迟: 2149 ms, 最高速率: 1.43 M/s, 平均速率: 1.43 M/s, 最高分辨率: 1280x720, 平均帧率: 未知, 视频编解码器: 未知, 音频编解码器: 未知
分类: 中国内地, 名称: CCTV-11, 有效: 1, IPv4: 1, IPv6: 0, 最小延迟: 1037 ms, 最高速率: 0.69 M/s, 平均速率: 0.69 M/s, 最高分辨率: 1280x720, 平均帧率: 未知, 视频编解码器: 未知, 音频编解码器: 未知
分类: 中国内地, 名称: CCTV-13, 有效: 1, IPv4: 2, IPv6: 0, 最小延迟: 2098 ms, 最高速率: 1.76 M/s, 平均速率: 1.76 M/s, 最高分辨率: 1280x720, 平均帧率: 未知, 视频编解码器: 未知, 音频编解码器: 未知
分类: 中国内地, 名称: CCTV-15, 有效: 1, IPv4: 1, IPv6: 0, 最小延迟: 661 ms, 最高速率: 3.12 M/s, 平均速率: 3.12 M/s, 最高分辨率: 1280x720, 平均帧率: 未知, 视频编解码器: 未知, 音频编解码器: 未知
分类: 中国内地, 名称: CCTV-14, 有效: 1, IPv4: 1, IPv6: 0, 最小延迟: 874 ms, 最高速率: 2.25 M/s, 平均速率: 2.25 M/s, 最高分辨率: 1280x720, 平均帧率: 未知, 视频编解码器: 未知, 音频编解码器: 未知
分类: 中国内地, 名称: CCTV-17, 有效: 1, IPv4: 1, IPv6: 0, 最小延迟: 470 ms, 最高速率: 9.12 M/s, 平均速率: 9.12 M/s, 最高分辨率: 1920x1080, 平均帧率: 未知, 视频编解码器: 未知, 音频编解码器: 未知
分类: 中国内地, 名称: CCTV-16, 有效: 1, IPv4: 1, IPv6: 0, 最小延迟: 305 ms, 最高速率: 2.34 M/s, 平均速率: 2.34 M/s, 最高分辨率: 1920x1080, 平均帧率: 未知, 视频编解码器: 未知, 音频编解码器: 未知
分类: 中国内地, 名称: 北京卫视, 有效: 0, IPv4: 1, IPv6: 0, 最小延迟: -1 ms, 最高速率: 0.00 M/s, 平均速率: 0.00 M/s, 最高分辨率: None, 平均帧率: 未知, 视频编解码器: 未知, 音频编解码器: 未知
分类: 新加坡, 名称: Channel 8, 有效: 0, IPv4: 1, IPv6: 0, 最小延迟: -1 ms, 最高速率: 0.00 M/s, 平均速率: 0.00 M/s, 最高分辨率: None, 平均帧率: 未知, 视频编解码器: 未知, 音频编解码器: 未知
分类: 新加坡, 名称: Channel U, 有效: 0, IPv4: 1, IPv6: 0, 最小延迟: -1 ms, 最高速率: 0.00 M/s, 平均速率: 0.00 M/s, 最高分辨率: None, 平均帧率: 未知, 视频编解码器: 未知, 音频编解码器: 未知
分类: 新加坡, 名称: Channel 5, 有效: 0, IPv4: 1, IPv6: 0, 最小延迟: -1 ms, 最高速率: 0.00 M/s, 平均速率: 0.00 M/s, 最高分辨率: None, 平均帧率: 未知, 视频编解码器: 未知, 音频编解码器: 未知
分类: 新加坡, 名称: Suria, 有效: 0, IPv4: 1, IPv6: 0, 最小延迟: -1 ms, 最高速率: 0.00 M/s, 平均速率: 0.00 M/s, 最高分辨率: None, 平均帧率: 未知, 视频编解码器: 未知, 音频编解码器: 未知
分类: 中国内地, 名称: 四川卫视, 有效: 0, IPv4: 5, IPv6: 0, 最小延迟: -1 ms, 最高速率: 0.00 M/s, 平均速率: 0.00 M/s, 最高分辨率: None, 平均帧率: 未知, 视频编解码器: 未知, 音频编解码器: 未知
分类: 泰国, 名称: Thairath TV, 有效: 0, IPv4: 1, IPv6: 0, 最小延迟: -1 ms, 最高速率: 0.00 M/s, 平均速率: 0.00 M/s, 最高分辨率: None, 平均帧率: 未知, 视频编解码器: 未知, 音频编解码器: 未知
分类: 新加坡, 名称: Vasantham, 有效: 0, IPv4: 1, IPv6: 0, 最小延迟: -1 ms, 最高速率: 0.00 M/s, 平均速率: 0.00 M/s, 最高分辨率: None, 平均帧率: 未知, 视频编解码器: 未知, 音频编解码器: 未知
分类: 泰国, 名称: Amarin TV, 有效: 0, IPv4: 1, IPv6: 0, 最小延迟: -1 ms, 最高速率: 0.00 M/s, 平均速率: 0.00 M/s, 最高分辨率: None, 平均帧率: 未知, 视频编解码器: 未知, 音频编解码器: 未知
分类: 英国, 名称: BBC Two, 有效: 0, IPv4: 1, IPv6: 0, 最小延迟: -1 ms, 最高速率: 0.00 M/s, 平均速率: 0.00 M/s, 最高分辨率: None, 平均帧率: 未知, 视频编解码器: 未知, 音频编解码器: 未知
分类: 缅甸, 名称: MRTV, 有效: 0, IPv4: 1, IPv6: 0, 最小延迟: -1 ms, 最高速率: 0.00 M/s, 平均速率: 0.00 M/s, 最高分辨率: None, 平均帧率: 未知, 视频编解码器: 未知, 音频编解码器: 未知
分类: 中国内地, 名称: CCTV-1, 有效: 3, IPv4: 4, IPv6: 0, 最小延迟: 325 ms, 最高速率: 8.23 M/s, 平均速率: 5.85 M/s, 最高分辨率: 1920x1080, 平均帧率: 25.00, 视频编解码器: h264, 音频编解码器: aac
分类: 印度尼西亚, 名称: Metro TV, 有效: 0, IPv4: 1, IPv6: 0, 最小延迟: -1 ms, 最高速率: 0.00 M/s, 平均速率: 0.00 M/s, 最高分辨率: None, 平均帧率: 未知, 视频编解码器: 未知, 音频编解码器: 未知
分类: 泰国, 名称: MCOT HD, 有效: 0, IPv4: 2, IPv6: 0, 最小延迟: 2505 ms, 最高速率: 1.28 M/s, 平均速率: 0.00 M/s, 最高分辨率: None, 平均帧率: 未知, 视频编解码器: 未知, 音频编解码器: 未知
